// Jest Snapshot v1, https://goo.gl/fbAQLP

exports[`renders correctly 1`] = `
<div
  className="container"
>
  
  <div
    className="ant-card signup-form-card ant-card-bordered"
  >
    <div
      className="ant-card-head"
    >
      <div
        className="ant-card-head-wrapper"
      >
        <div
          className="ant-card-head-title"
        >
          <div>
            <h5>
              Hone your Skills,
            </h5>
             
            <p>
              Get Started, its free!
            </p>
          </div>
        </div>
      </div>
    </div>
    <div
      className="ant-card-body"
      style={undefined}
    >
      <form
        className="ant-form ant-form-horizontal signup-form"
        onSubmit={[Function]}
      >
        <div
          className="ant-row ant-form-item"
          style={undefined}
        >
          <div
            className="ant-form-item-control-wrapper"
          >
            <div
              className="ant-form-item-control"
            >
              <span
                className="ant-form-item-children"
              >
                <span
                  className="ant-input-affix-wrapper"
                  style={undefined}
                >
                  <span
                    className="ant-input-prefix"
                  >
                    <i
                      className="anticon anticon-user"
                      style={
                        Object {
                          "color": "rgba(0,0,0,.25)",
                        }
                      }
                    />
                  </span>
                  <input
                    className="ant-input"
                    data-__field={
                      Object {
                        "name": "firstName",
                      }
                    }
                    data-__meta={
                      Object {
                        "name": "firstName",
                        "originalProps": Object {
                          "disabled": false,
                          "id": "firstName",
                          "name": "firstName",
                          "placeholder": " First Name",
                          "prefix": <Icon
                            style={
                                  Object {
                                        "color": "rgba(0,0,0,.25)",
                                      }
                            }
                            type="user"
                      />,
                          "prefixCls": "ant-input",
                          "type": "text",
                        },
                        "ref": null,
                        "rules": Array [
                          Object {
                            "message": "Please input your first name!",
                            "required": true,
                          },
                          Object {
                            "message": "First name is too short!",
                            "min": 2,
                          },
                        ],
                        "trigger": "onChange",
                        "validate": Array [
                          Object {
                            "rules": Array [
                              Object {
                                "message": "Please input your first name!",
                                "required": true,
                              },
                              Object {
                                "message": "First name is too short!",
                                "min": 2,
                              },
                            ],
                            "trigger": Array [
                              "onBlur",
                            ],
                          },
                        ],
                        "validateTrigger": "onBlur",
                        "valuePropName": "value",
                      }
                    }
                    disabled={false}
                    id="firstName"
                    name="firstName"
                    onBlur={[Function]}
                    onChange={[Function]}
                    onKeyDown={[Function]}
                    placeholder=" First Name"
                    style={null}
                    type="text"
                    value=""
                  />
                </span>
              </span>
            </div>
          </div>
        </div>
        <div
          className="ant-row ant-form-item"
          style={undefined}
        >
          <div
            className="ant-form-item-control-wrapper"
          >
            <div
              className="ant-form-item-control"
            >
              <span
                className="ant-form-item-children"
              >
                <span
                  className="ant-input-affix-wrapper"
                  style={undefined}
                >
                  <span
                    className="ant-input-prefix"
                  >
                    <i
                      className="anticon anticon-user"
                      style={
                        Object {
                          "color": "rgba(0,0,0,.25)",
                        }
                      }
                    />
                  </span>
                  <input
                    className="ant-input"
                    data-__field={
                      Object {
                        "name": "lastName",
                      }
                    }
                    data-__meta={
                      Object {
                        "name": "lastName",
                        "originalProps": Object {
                          "disabled": false,
                          "id": "lastName",
                          "name": "lastName",
                          "placeholder": " Last Name",
                          "prefix": <Icon
                            style={
                                  Object {
                                        "color": "rgba(0,0,0,.25)",
                                      }
                            }
                            type="user"
                      />,
                          "prefixCls": "ant-input",
                          "type": "text",
                        },
                        "ref": null,
                        "rules": Array [
                          Object {
                            "message": "Please input your last name!",
                            "required": true,
                          },
                          Object {
                            "message": "Last name is too short!",
                            "min": 2,
                          },
                        ],
                        "trigger": "onChange",
                        "validate": Array [
                          Object {
                            "rules": Array [
                              Object {
                                "message": "Please input your last name!",
                                "required": true,
                              },
                              Object {
                                "message": "Last name is too short!",
                                "min": 2,
                              },
                            ],
                            "trigger": Array [
                              "onBlur",
                            ],
                          },
                        ],
                        "validateTrigger": "onBlur",
                        "valuePropName": "value",
                      }
                    }
                    disabled={false}
                    id="lastName"
                    name="lastName"
                    onBlur={[Function]}
                    onChange={[Function]}
                    onKeyDown={[Function]}
                    placeholder=" Last Name"
                    style={null}
                    type="text"
                    value=""
                  />
                </span>
              </span>
            </div>
          </div>
        </div>
        <div
          className="ant-row ant-form-item"
          style={undefined}
        >
          <div
            className="ant-form-item-control-wrapper"
          >
            <div
              className="ant-form-item-control"
            >
              <span
                className="ant-form-item-children"
              >
                <span
                  className="ant-input-affix-wrapper"
                  style={undefined}
                >
                  <span
                    className="ant-input-prefix"
                  >
                    <i
                      className="anticon anticon-mail"
                      style={
                        Object {
                          "color": "rgba(0,0,0,.25)",
                        }
                      }
                    />
                  </span>
                  <input
                    className="ant-input"
                    data-__field={
                      Object {
                        "name": "emailAddress",
                      }
                    }
                    data-__meta={
                      Object {
                        "name": "emailAddress",
                        "originalProps": Object {
                          "disabled": false,
                          "id": "email",
                          "name": "email",
                          "placeholder": " Email Address",
                          "prefix": <Icon
                            style={
                                  Object {
                                        "color": "rgba(0,0,0,.25)",
                                      }
                            }
                            type="mail"
                      />,
                          "prefixCls": "ant-input",
                          "type": "email",
                        },
                        "ref": null,
                        "rules": Array [
                          Object {
                            "message": "Please input your E-mail address!",
                            "required": true,
                          },
                          Object {
                            "message": "The input is not valid E-mail!",
                            "type": "email",
                          },
                        ],
                        "trigger": "onChange",
                        "validate": Array [
                          Object {
                            "rules": Array [
                              Object {
                                "message": "Please input your E-mail address!",
                                "required": true,
                              },
                              Object {
                                "message": "The input is not valid E-mail!",
                                "type": "email",
                              },
                            ],
                            "trigger": Array [
                              "onBlur",
                            ],
                          },
                        ],
                        "validateTrigger": "onBlur",
                        "valuePropName": "value",
                      }
                    }
                    disabled={false}
                    id="emailAddress"
                    name="email"
                    onBlur={[Function]}
                    onChange={[Function]}
                    onKeyDown={[Function]}
                    placeholder=" Email Address"
                    style={null}
                    type="email"
                    value=""
                  />
                </span>
              </span>
            </div>
          </div>
        </div>
        <div
          className="ant-row ant-form-item"
          style={undefined}
        >
          <div
            className="ant-form-item-control-wrapper"
          >
            <div
              className="ant-form-item-control"
            >
              <span
                className="ant-form-item-children"
              >
                <span
                  className="ant-input-affix-wrapper"
                  style={undefined}
                >
                  <span
                    className="ant-input-prefix"
                  >
                    <i
                      className="anticon anticon-lock"
                      style={
                        Object {
                          "color": "rgba(0,0,0,.25)",
                        }
                      }
                    />
                  </span>
                  <input
                    className="ant-input"
                    data-__field={
                      Object {
                        "name": "password",
                      }
                    }
                    data-__meta={
                      Object {
                        "name": "password",
                        "originalProps": Object {
                          "disabled": false,
                          "id": "password",
                          "name": "password",
                          "placeholder": " Password",
                          "prefix": <Icon
                            style={
                                  Object {
                                        "color": "rgba(0,0,0,.25)",
                                      }
                            }
                            type="lock"
                      />,
                          "prefixCls": "ant-input",
                          "type": "password",
                        },
                        "ref": null,
                        "rules": Array [
                          Object {
                            "message": "Please input your password!",
                            "required": true,
                          },
                        ],
                        "trigger": "onChange",
                        "validate": Array [
                          Object {
                            "rules": Array [
                              Object {
                                "message": "Please input your password!",
                                "required": true,
                              },
                            ],
                            "trigger": Array [
                              "onBlur",
                            ],
                          },
                        ],
                        "validateTrigger": "onBlur",
                        "valuePropName": "value",
                      }
                    }
                    disabled={false}
                    id="password"
                    name="password"
                    onBlur={[Function]}
                    onChange={[Function]}
                    onKeyDown={[Function]}
                    placeholder=" Password"
                    style={null}
                    type="password"
                    value=""
                  />
                </span>
              </span>
            </div>
          </div>
        </div>
        <button
          className="ant-btn signup-form-button ant-btn-primary"
          onClick={[Function]}
          type="button"
        >
          <span>
            Submit
          </span>
        </button>
        <p
          className="user-agreement"
        >
          By signing up, you agree to our 
          <br />
           
          <a
            href=""
          >
            User Agreement
          </a>
        </p>
      </form>
    </div>
  </div>
</div>
`;
